// Jest Snapshot v1, https://goo.gl/fbAQLP

exports[`renders correctly 1`] = `
Array [
  <style>
    [object Object]
  </style>,
  <div
    className="loader-div one"
  >
    <div
      className="loader1"
    />
  </div>,
]
`;
