// Jest Snapshot v1, https://goo.gl/fbAQLP

exports[`renders correctly 1`] = `
Array [
  <style>
    [object Object]
  </style>,
  <div
    className="loaders"
  >
    <div
      className="loader-div four"
    >
      <div
        className="loader4"
      />
    </div>
  </div>,
]
`;
