// Jest Snapshot v1, https://goo.gl/fbAQLP

exports[`renders correctly 1`] = `
Array [
  <style>
    [object Object]
  </style>,
  <div
    className="loader-div eight"
  >
    <div
      className="loader8"
    >
      <div />
      <div />
      <div />
      <div />
      <div />
      <div />
      <div />
      <div />
    </div>
  </div>,
]
`;
